[2026-09-16 13:52:04.467+09:00] [INFO] Saving index calculation log to /home/subo-lee/PycharmProjects/N2SCFTDB/logs/log_index_20260916_135204_467248.log
[2026-09-16 13:52:04.480+09:00] [INFO] Starting index calculation for 173 selected theories…
[2026-09-16 13:52:04.957+09:00] [INFO] Calculating 173 selected theories with 16 worker processes; full order=18, Coulomb cutoff=90.
[2026-09-16 13:52:05.595+09:00] [INFO] Theory 19961: calculating superconformal_index…
[2026-09-16 13:52:05.602+09:00] [INFO] Theory 22430: calculating superconformal_index…
[2026-09-16 13:52:05.602+09:00] [INFO] Theory 19748: calculating superconformal_index…
[2026-09-16 13:52:05.603+09:00] [INFO] Theory 22475: calculating superconformal_index…
[2026-09-16 13:52:05.605+09:00] [INFO] Theory 20142: calculating superconformal_index…
[2026-09-16 13:52:05.606+09:00] [INFO] Theory 20167: calculating superconformal_index…
[2026-09-16 13:52:05.607+09:00] [INFO] Theory 20036: calculating superconformal_index…
[2026-09-16 13:52:05.608+09:00] [INFO] Theory 19947: calculating superconformal_index…
[2026-09-16 13:52:05.609+09:00] [INFO] Theory 20159: calculating superconformal_index…
[2026-09-16 13:52:05.615+09:00] [INFO] Theory 19739: calculating superconformal_index…
[2026-09-16 13:52:05.617+09:00] [INFO] Theory 19749: calculating superconformal_index…
[2026-09-16 13:52:05.617+09:00] [INFO] Theory 22439: calculating superconformal_index…
[2026-09-16 13:52:05.623+09:00] [INFO] Theory 19726: calculating superconformal_index…
[2026-09-16 13:52:05.624+09:00] [INFO] Theory 22470: calculating superconformal_index…
[2026-09-16 13:52:05.636+09:00] [INFO] Theory 20037: calculating superconformal_index…
[2026-09-16 13:52:05.653+09:00] [INFO] Theory 20150: calculating superconformal_index…
[2026-09-16 13:52:56.063+09:00] [INFO] Progress: 1/173 theories returned; 0 with errors.
[2026-09-16 13:52:56.026+09:00] [INFO] Theory 22439: superconformal_index saved.
[2026-09-16 13:52:56.048+09:00] [INFO] Theory 20168: calculating superconformal_index…
[2026-09-16 13:52:56.507+09:00] [INFO] Progress: 2/173 theories returned; 0 with errors.
[2026-09-16 13:52:56.494+09:00] [INFO] Theory 22430: superconformal_index saved.
[2026-09-16 13:52:56.512+09:00] [INFO] Theory 20224: calculating superconformal_index…
[2026-09-16 13:53:22.577+09:00] [INFO] Progress: 3/173 theories returned; 0 with errors.
[2026-09-16 13:53:22.539+09:00] [INFO] Theory 19739: superconformal_index saved.
[2026-09-16 13:53:22.563+09:00] [INFO] Theory 20232: calculating superconformal_index…
[2026-09-16 13:53:51.254+09:00] [INFO] Progress: 4/173 theories returned; 0 with errors.
[2026-09-16 13:53:51.228+09:00] [INFO] Theory 19749: superconformal_index saved.
[2026-09-16 13:53:51.240+09:00] [INFO] Theory 20262: calculating superconformal_index…
[2026-09-16 13:53:54.970+09:00] [INFO] Progress: 5/173 theories returned; 0 with errors.
[2026-09-16 13:53:54.968+09:00] [INFO] Theory 20232: superconformal_index saved.
[2026-09-16 13:53:54.972+09:00] [INFO] Theory 20510: calculating superconformal_index…
[2026-09-16 13:53:59.465+09:00] [INFO] Progress: 6/173 theories returned; 0 with errors.
[2026-09-16 13:53:59.448+09:00] [INFO] Theory 20224: superconformal_index saved.
[2026-09-16 13:53:59.474+09:00] [INFO] Theory 20517: calculating superconformal_index…
[2026-09-16 13:54:32.785+09:00] [INFO] Progress: 7/173 theories returned; 0 with errors.
[2026-09-16 13:54:32.753+09:00] [INFO] Theory 20262: superconformal_index saved.
[2026-09-16 13:54:32.776+09:00] [INFO] Theory 20525: calculating superconformal_index…
[2026-09-16 13:54:33.339+09:00] [INFO] Progress: 8/173 theories returned; 0 with errors.
[2026-09-16 13:54:33.324+09:00] [INFO] Theory 19726: superconformal_index saved.
[2026-09-16 13:54:33.344+09:00] [INFO] Theory 20535: calculating superconformal_index…
[2026-09-16 13:54:33.855+09:00] [INFO] Progress: 9/173 theories returned; 0 with errors.
[2026-09-16 13:54:33.850+09:00] [INFO] Theory 20510: superconformal_index saved.
[2026-09-16 13:54:33.859+09:00] [INFO] Theory 20591: calculating superconformal_index…
[2026-09-16 13:56:27.038+09:00] [INFO] Progress: 10/173 theories returned; 0 with errors.
[2026-09-16 13:56:26.999+09:00] [INFO] Theory 20525: superconformal_index saved.
[2026-09-16 13:56:27.028+09:00] [INFO] Theory 20631: calculating superconformal_index…
[2026-09-16 13:56:36.790+09:00] [INFO] Progress: 11/173 theories returned; 0 with errors.
[2026-09-16 13:56:36.772+09:00] [INFO] Theory 20591: superconformal_index saved.
[2026-09-16 13:56:36.796+09:00] [INFO] Theory 20632: calculating superconformal_index…
[2026-09-16 13:57:54.467+09:00] [INFO] Progress: 12/173 theories returned; 0 with errors.
[2026-09-16 13:57:54.415+09:00] [INFO] Theory 20036: superconformal_index saved.
[2026-09-16 13:57:54.446+09:00] [INFO] Theory 20641: calculating superconformal_index…
[2026-09-16 13:59:02.752+09:00] [INFO] Progress: 13/173 theories returned; 0 with errors.
[2026-09-16 13:59:02.639+09:00] [INFO] Theory 20168: superconformal_index saved.
[2026-09-16 13:59:02.745+09:00] [INFO] Theory 20643: calculating superconformal_index…
[2026-09-16 14:02:45.337+09:00] [INFO] Progress: 14/173 theories returned; 0 with errors.
[2026-09-16 14:02:45.213+09:00] [INFO] Theory 19748: superconformal_index saved.
[2026-09-16 14:02:45.322+09:00] [INFO] Theory 20651: calculating superconformal_index…
